------------------------------------------------------------
Timing Analyzer Summary
------------------------------------------------------------

Type  : Slow 1100mV 85C Model Setup 'clk_vga'
Slack : -14.851
TNS   : -357.330

Type  : Slow 1100mV 85C Model Setup 'clk_dram'
Slack : -6.007
TNS   : -22.096

Type  : Slow 1100mV 85C Model Setup 'inst7|clockgen_inst|altera_pll_i|general[0].gpll~PLL_OUTPUT_COUNTER|divclk'
Slack : 4.322
TNS   : 0.000

Type  : Slow 1100mV 85C Model Setup 'inst7|clockgen_inst|altera_pll_i|general[2].gpll~PLL_OUTPUT_COUNTER|divclk'
Slack : 11.072
TNS   : 0.000

Type  : Slow 1100mV 85C Model Setup 'inst7|clockgen_inst|altera_pll_i|general[3].gpll~PLL_OUTPUT_COUNTER|divclk'
Slack : 14.476
TNS   : 0.000

Type  : Slow 1100mV 85C Model Setup 'inst7|clockgen_inst|altera_pll_i|general[1].gpll~PLL_OUTPUT_COUNTER|divclk'
Slack : 26.815
TNS   : 0.000

Type  : Slow 1100mV 85C Model Hold 'inst7|clockgen_inst|altera_pll_i|general[0].gpll~PLL_OUTPUT_COUNTER|divclk'
Slack : 0.094
TNS   : 0.000

Type  : Slow 1100mV 85C Model Hold 'inst7|clockgen_inst|altera_pll_i|general[3].gpll~PLL_OUTPUT_COUNTER|divclk'
Slack : 0.188
TNS   : 0.000

Type  : Slow 1100mV 85C Model Hold 'inst7|clockgen_inst|altera_pll_i|general[2].gpll~PLL_OUTPUT_COUNTER|divclk'
Slack : 0.349
TNS   : 0.000

Type  : Slow 1100mV 85C Model Hold 'inst7|clockgen_inst|altera_pll_i|general[1].gpll~PLL_OUTPUT_COUNTER|divclk'
Slack : 0.378
TNS   : 0.000

Type  : Slow 1100mV 85C Model Hold 'clk_vga'
Slack : 8.603
TNS   : 0.000

Type  : Slow 1100mV 85C Model Hold 'clk_dram'
Slack : 8.907
TNS   : 0.000

Type  : Slow 1100mV 85C Model Recovery 'inst7|clockgen_inst|altera_pll_i|general[0].gpll~PLL_OUTPUT_COUNTER|divclk'
Slack : 34.137
TNS   : 0.000

Type  : Slow 1100mV 85C Model Removal 'inst7|clockgen_inst|altera_pll_i|general[0].gpll~PLL_OUTPUT_COUNTER|divclk'
Slack : 0.511
TNS   : 0.000

Type  : Slow 1100mV 85C Model Minimum Pulse Width 'inst7|clockgen_inst|altera_pll_i|general[0].gpll~FRACTIONAL_PLL|vcoph[0]'
Slack : 0.974
TNS   : 0.000

Type  : Slow 1100mV 85C Model Minimum Pulse Width 'inst7|clockgen_inst|altera_pll_i|general[2].gpll~PLL_OUTPUT_COUNTER|divclk'
Slack : 7.450
TNS   : 0.000

Type  : Slow 1100mV 85C Model Minimum Pulse Width 'inst7|clockgen_inst|altera_pll_i|general[3].gpll~PLL_OUTPUT_COUNTER|divclk'
Slack : 7.934
TNS   : 0.000

Type  : Slow 1100mV 85C Model Minimum Pulse Width 'CLOCK_50'
Slack : 9.259
TNS   : 0.000

Type  : Slow 1100mV 85C Model Minimum Pulse Width 'inst7|clockgen_inst|altera_pll_i|general[1].gpll~PLL_OUTPUT_COUNTER|divclk'
Slack : 14.518
TNS   : 0.000

Type  : Slow 1100mV 85C Model Minimum Pulse Width 'inst7|clockgen_inst|altera_pll_i|general[0].gpll~PLL_OUTPUT_COUNTER|divclk'
Slack : 17.303
TNS   : 0.000

Type  : Slow 1100mV 0C Model Setup 'clk_vga'
Slack : -14.640
TNS   : -350.914

Type  : Slow 1100mV 0C Model Setup 'clk_dram'
Slack : -5.651
TNS   : -20.351

Type  : Slow 1100mV 0C Model Setup 'inst7|clockgen_inst|altera_pll_i|general[0].gpll~PLL_OUTPUT_COUNTER|divclk'
Slack : 4.494
TNS   : 0.000

Type  : Slow 1100mV 0C Model Setup 'inst7|clockgen_inst|altera_pll_i|general[2].gpll~PLL_OUTPUT_COUNTER|divclk'
Slack : 11.226
TNS   : 0.000

Type  : Slow 1100mV 0C Model Setup 'inst7|clockgen_inst|altera_pll_i|general[3].gpll~PLL_OUTPUT_COUNTER|divclk'
Slack : 14.711
TNS   : 0.000

Type  : Slow 1100mV 0C Model Setup 'inst7|clockgen_inst|altera_pll_i|general[1].gpll~PLL_OUTPUT_COUNTER|divclk'
Slack : 26.957
TNS   : 0.000

Type  : Slow 1100mV 0C Model Hold 'inst7|clockgen_inst|altera_pll_i|general[0].gpll~PLL_OUTPUT_COUNTER|divclk'
Slack : 0.133
TNS   : 0.000

Type  : Slow 1100mV 0C Model Hold 'inst7|clockgen_inst|altera_pll_i|general[3].gpll~PLL_OUTPUT_COUNTER|divclk'
Slack : 0.151
TNS   : 0.000

Type  : Slow 1100mV 0C Model Hold 'inst7|clockgen_inst|altera_pll_i|general[2].gpll~PLL_OUTPUT_COUNTER|divclk'
Slack : 0.364
TNS   : 0.000

Type  : Slow 1100mV 0C Model Hold 'inst7|clockgen_inst|altera_pll_i|general[1].gpll~PLL_OUTPUT_COUNTER|divclk'
Slack : 0.375
TNS   : 0.000

Type  : Slow 1100mV 0C Model Hold 'clk_vga'
Slack : 8.443
TNS   : 0.000

Type  : Slow 1100mV 0C Model Hold 'clk_dram'
Slack : 8.779
TNS   : 0.000

Type  : Slow 1100mV 0C Model Recovery 'inst7|clockgen_inst|altera_pll_i|general[0].gpll~PLL_OUTPUT_COUNTER|divclk'
Slack : 34.467
TNS   : 0.000

Type  : Slow 1100mV 0C Model Removal 'inst7|clockgen_inst|altera_pll_i|general[0].gpll~PLL_OUTPUT_COUNTER|divclk'
Slack : 0.533
TNS   : 0.000

Type  : Slow 1100mV 0C Model Minimum Pulse Width 'inst7|clockgen_inst|altera_pll_i|general[0].gpll~FRACTIONAL_PLL|vcoph[0]'
Slack : 1.048
TNS   : 0.000

Type  : Slow 1100mV 0C Model Minimum Pulse Width 'inst7|clockgen_inst|altera_pll_i|general[2].gpll~PLL_OUTPUT_COUNTER|divclk'
Slack : 7.512
TNS   : 0.000

Type  : Slow 1100mV 0C Model Minimum Pulse Width 'inst7|clockgen_inst|altera_pll_i|general[3].gpll~PLL_OUTPUT_COUNTER|divclk'
Slack : 7.993
TNS   : 0.000

Type  : Slow 1100mV 0C Model Minimum Pulse Width 'CLOCK_50'
Slack : 9.293
TNS   : 0.000

Type  : Slow 1100mV 0C Model Minimum Pulse Width 'inst7|clockgen_inst|altera_pll_i|general[1].gpll~PLL_OUTPUT_COUNTER|divclk'
Slack : 14.585
TNS   : 0.000

Type  : Slow 1100mV 0C Model Minimum Pulse Width 'inst7|clockgen_inst|altera_pll_i|general[0].gpll~PLL_OUTPUT_COUNTER|divclk'
Slack : 17.380
TNS   : 0.000

Type  : Fast 1100mV 85C Model Setup 'clk_vga'
Slack : -9.040
TNS   : -216.906

Type  : Fast 1100mV 85C Model Setup 'clk_dram'
Slack : -0.047
TNS   : -0.047

Type  : Fast 1100mV 85C Model Setup 'inst7|clockgen_inst|altera_pll_i|general[0].gpll~PLL_OUTPUT_COUNTER|divclk'
Slack : 10.607
TNS   : 0.000

Type  : Fast 1100mV 85C Model Setup 'inst7|clockgen_inst|altera_pll_i|general[2].gpll~PLL_OUTPUT_COUNTER|divclk'
Slack : 14.697
TNS   : 0.000

Type  : Fast 1100mV 85C Model Setup 'inst7|clockgen_inst|altera_pll_i|general[3].gpll~PLL_OUTPUT_COUNTER|divclk'
Slack : 16.762
TNS   : 0.000

Type  : Fast 1100mV 85C Model Setup 'inst7|clockgen_inst|altera_pll_i|general[1].gpll~PLL_OUTPUT_COUNTER|divclk'
Slack : 29.540
TNS   : 0.000

Type  : Fast 1100mV 85C Model Hold 'inst7|clockgen_inst|altera_pll_i|general[0].gpll~PLL_OUTPUT_COUNTER|divclk'
Slack : 0.184
TNS   : 0.000

Type  : Fast 1100mV 85C Model Hold 'inst7|clockgen_inst|altera_pll_i|general[2].gpll~PLL_OUTPUT_COUNTER|divclk'
Slack : 0.255
TNS   : 0.000

Type  : Fast 1100mV 85C Model Hold 'inst7|clockgen_inst|altera_pll_i|general[3].gpll~PLL_OUTPUT_COUNTER|divclk'
Slack : 0.264
TNS   : 0.000

Type  : Fast 1100mV 85C Model Hold 'inst7|clockgen_inst|altera_pll_i|general[1].gpll~PLL_OUTPUT_COUNTER|divclk'
Slack : 0.335
TNS   : 0.000

Type  : Fast 1100mV 85C Model Hold 'clk_vga'
Slack : 4.545
TNS   : 0.000

Type  : Fast 1100mV 85C Model Hold 'clk_dram'
Slack : 5.025
TNS   : 0.000

Type  : Fast 1100mV 85C Model Recovery 'inst7|clockgen_inst|altera_pll_i|general[0].gpll~PLL_OUTPUT_COUNTER|divclk'
Slack : 36.215
TNS   : 0.000

Type  : Fast 1100mV 85C Model Removal 'inst7|clockgen_inst|altera_pll_i|general[0].gpll~PLL_OUTPUT_COUNTER|divclk'
Slack : 0.522
TNS   : 0.000

Type  : Fast 1100mV 85C Model Minimum Pulse Width 'inst7|clockgen_inst|altera_pll_i|general[0].gpll~FRACTIONAL_PLL|vcoph[0]'
Slack : 1.314
TNS   : 0.000

Type  : Fast 1100mV 85C Model Minimum Pulse Width 'inst7|clockgen_inst|altera_pll_i|general[2].gpll~PLL_OUTPUT_COUNTER|divclk'
Slack : 8.213
TNS   : 0.000

Type  : Fast 1100mV 85C Model Minimum Pulse Width 'inst7|clockgen_inst|altera_pll_i|general[3].gpll~PLL_OUTPUT_COUNTER|divclk'
Slack : 8.893
TNS   : 0.000

Type  : Fast 1100mV 85C Model Minimum Pulse Width 'CLOCK_50'
Slack : 9.150
TNS   : 0.000

Type  : Fast 1100mV 85C Model Minimum Pulse Width 'inst7|clockgen_inst|altera_pll_i|general[1].gpll~PLL_OUTPUT_COUNTER|divclk'
Slack : 15.563
TNS   : 0.000

Type  : Fast 1100mV 85C Model Minimum Pulse Width 'inst7|clockgen_inst|altera_pll_i|general[0].gpll~PLL_OUTPUT_COUNTER|divclk'
Slack : 18.172
TNS   : 0.000

Type  : Fast 1100mV 0C Model Setup 'clk_vga'
Slack : -8.549
TNS   : -205.692

Type  : Fast 1100mV 0C Model Setup 'clk_dram'
Slack : 0.381
TNS   : 0.000

Type  : Fast 1100mV 0C Model Setup 'inst7|clockgen_inst|altera_pll_i|general[0].gpll~PLL_OUTPUT_COUNTER|divclk'
Slack : 11.394
TNS   : 0.000

Type  : Fast 1100mV 0C Model Setup 'inst7|clockgen_inst|altera_pll_i|general[2].gpll~PLL_OUTPUT_COUNTER|divclk'
Slack : 15.151
TNS   : 0.000

Type  : Fast 1100mV 0C Model Setup 'inst7|clockgen_inst|altera_pll_i|general[3].gpll~PLL_OUTPUT_COUNTER|divclk'
Slack : 17.055
TNS   : 0.000

Type  : Fast 1100mV 0C Model Setup 'inst7|clockgen_inst|altera_pll_i|general[1].gpll~PLL_OUTPUT_COUNTER|divclk'
Slack : 29.881
TNS   : 0.000

Type  : Fast 1100mV 0C Model Hold 'inst7|clockgen_inst|altera_pll_i|general[0].gpll~PLL_OUTPUT_COUNTER|divclk'
Slack : 0.144
TNS   : 0.000

Type  : Fast 1100mV 0C Model Hold 'inst7|clockgen_inst|altera_pll_i|general[3].gpll~PLL_OUTPUT_COUNTER|divclk'
Slack : 0.180
TNS   : 0.000

Type  : Fast 1100mV 0C Model Hold 'inst7|clockgen_inst|altera_pll_i|general[2].gpll~PLL_OUTPUT_COUNTER|divclk'
Slack : 0.210
TNS   : 0.000

Type  : Fast 1100mV 0C Model Hold 'inst7|clockgen_inst|altera_pll_i|general[1].gpll~PLL_OUTPUT_COUNTER|divclk'
Slack : 0.267
TNS   : 0.000

Type  : Fast 1100mV 0C Model Hold 'clk_vga'
Slack : 4.225
TNS   : 0.000

Type  : Fast 1100mV 0C Model Hold 'clk_dram'
Slack : 4.718
TNS   : 0.000

Type  : Fast 1100mV 0C Model Recovery 'inst7|clockgen_inst|altera_pll_i|general[0].gpll~PLL_OUTPUT_COUNTER|divclk'
Slack : 36.663
TNS   : 0.000

Type  : Fast 1100mV 0C Model Removal 'inst7|clockgen_inst|altera_pll_i|general[0].gpll~PLL_OUTPUT_COUNTER|divclk'
Slack : 0.448
TNS   : 0.000

Type  : Fast 1100mV 0C Model Minimum Pulse Width 'inst7|clockgen_inst|altera_pll_i|general[0].gpll~FRACTIONAL_PLL|vcoph[0]'
Slack : 1.341
TNS   : 0.000

Type  : Fast 1100mV 0C Model Minimum Pulse Width 'inst7|clockgen_inst|altera_pll_i|general[2].gpll~PLL_OUTPUT_COUNTER|divclk'
Slack : 8.240
TNS   : 0.000

Type  : Fast 1100mV 0C Model Minimum Pulse Width 'inst7|clockgen_inst|altera_pll_i|general[3].gpll~PLL_OUTPUT_COUNTER|divclk'
Slack : 8.916
TNS   : 0.000

Type  : Fast 1100mV 0C Model Minimum Pulse Width 'CLOCK_50'
Slack : 9.112
TNS   : 0.000

Type  : Fast 1100mV 0C Model Minimum Pulse Width 'inst7|clockgen_inst|altera_pll_i|general[1].gpll~PLL_OUTPUT_COUNTER|divclk'
Slack : 15.586
TNS   : 0.000

Type  : Fast 1100mV 0C Model Minimum Pulse Width 'inst7|clockgen_inst|altera_pll_i|general[0].gpll~PLL_OUTPUT_COUNTER|divclk'
Slack : 18.200
TNS   : 0.000

------------------------------------------------------------
