------------------------------------------------------------
Timing Analyzer Summary
------------------------------------------------------------

Type  : Slow 1100mV 85C Model Setup 'clk_dram'
Slack : -17.887
TNS   : -485.315

Type  : Slow 1100mV 85C Model Setup 'clk_vga'
Slack : -13.845
TNS   : -330.715

Type  : Slow 1100mV 85C Model Setup 'inst3|clockgen_inst|altera_pll_i|general[0].gpll~PLL_OUTPUT_COUNTER|divclk'
Slack : -11.092
TNS   : -2491.343

Type  : Slow 1100mV 85C Model Setup 'inst3|clockgen_inst|altera_pll_i|general[2].gpll~PLL_OUTPUT_COUNTER|divclk'
Slack : -6.812
TNS   : -100.943

Type  : Slow 1100mV 85C Model Setup 'CLOCK_50'
Slack : -6.758
TNS   : -101.334

Type  : Slow 1100mV 85C Model Setup 'inst3|clockgen_inst|altera_pll_i|general[3].gpll~PLL_OUTPUT_COUNTER|divclk'
Slack : -3.409
TNS   : -82.387

Type  : Slow 1100mV 85C Model Setup 'altera_reserved_tck'
Slack : 22.370
TNS   : 0.000

Type  : Slow 1100mV 85C Model Setup 'inst3|clockgen_inst|altera_pll_i|general[1].gpll~PLL_OUTPUT_COUNTER|divclk'
Slack : 26.397
TNS   : 0.000

Type  : Slow 1100mV 85C Model Hold 'inst3|clockgen_inst|altera_pll_i|general[0].gpll~PLL_OUTPUT_COUNTER|divclk'
Slack : -0.439
TNS   : -13.914

Type  : Slow 1100mV 85C Model Hold 'inst3|clockgen_inst|altera_pll_i|general[3].gpll~PLL_OUTPUT_COUNTER|divclk'
Slack : 0.217
TNS   : 0.000

Type  : Slow 1100mV 85C Model Hold 'inst3|clockgen_inst|altera_pll_i|general[2].gpll~PLL_OUTPUT_COUNTER|divclk'
Slack : 0.224
TNS   : 0.000

Type  : Slow 1100mV 85C Model Hold 'CLOCK_50'
Slack : 0.271
TNS   : 0.000

Type  : Slow 1100mV 85C Model Hold 'inst3|clockgen_inst|altera_pll_i|general[1].gpll~PLL_OUTPUT_COUNTER|divclk'
Slack : 0.471
TNS   : 0.000

Type  : Slow 1100mV 85C Model Hold 'altera_reserved_tck'
Slack : 0.567
TNS   : 0.000

Type  : Slow 1100mV 85C Model Hold 'clk_vga'
Slack : 7.711
TNS   : 0.000

Type  : Slow 1100mV 85C Model Hold 'clk_dram'
Slack : 8.744
TNS   : 0.000

Type  : Slow 1100mV 85C Model Recovery 'inst3|clockgen_inst|altera_pll_i|general[0].gpll~PLL_OUTPUT_COUNTER|divclk'
Slack : 0.548
TNS   : 0.000

Type  : Slow 1100mV 85C Model Recovery 'altera_reserved_tck'
Slack : 59.403
TNS   : 0.000

Type  : Slow 1100mV 85C Model Removal 'inst3|clockgen_inst|altera_pll_i|general[0].gpll~PLL_OUTPUT_COUNTER|divclk'
Slack : 0.412
TNS   : 0.000

Type  : Slow 1100mV 85C Model Removal 'altera_reserved_tck'
Slack : 0.664
TNS   : 0.000

Type  : Slow 1100mV 85C Model Minimum Pulse Width 'inst3|clockgen_inst|altera_pll_i|general[0].gpll~FRACTIONAL_PLL|vcoph[0]'
Slack : -0.074
TNS   : -0.592

Type  : Slow 1100mV 85C Model Minimum Pulse Width 'inst3|clockgen_inst|altera_pll_i|general[2].gpll~PLL_OUTPUT_COUNTER|divclk'
Slack : 3.035
TNS   : 0.000

Type  : Slow 1100mV 85C Model Minimum Pulse Width 'inst3|clockgen_inst|altera_pll_i|general[3].gpll~PLL_OUTPUT_COUNTER|divclk'
Slack : 3.480
TNS   : 0.000

Type  : Slow 1100mV 85C Model Minimum Pulse Width 'CLOCK_50'
Slack : 8.221
TNS   : 0.000

Type  : Slow 1100mV 85C Model Minimum Pulse Width 'inst3|clockgen_inst|altera_pll_i|general[0].gpll~PLL_OUTPUT_COUNTER|divclk'
Slack : 8.413
TNS   : 0.000

Type  : Slow 1100mV 85C Model Minimum Pulse Width 'inst3|clockgen_inst|altera_pll_i|general[1].gpll~PLL_OUTPUT_COUNTER|divclk'
Slack : 14.517
TNS   : 0.000

Type  : Slow 1100mV 85C Model Minimum Pulse Width 'altera_reserved_tck'
Slack : 29.252
TNS   : 0.000

Type  : Slow 1100mV 0C Model Setup 'clk_dram'
Slack : -17.315
TNS   : -476.008

Type  : Slow 1100mV 0C Model Setup 'clk_vga'
Slack : -13.472
TNS   : -321.211

Type  : Slow 1100mV 0C Model Setup 'inst3|clockgen_inst|altera_pll_i|general[0].gpll~PLL_OUTPUT_COUNTER|divclk'
Slack : -10.920
TNS   : -2388.379

Type  : Slow 1100mV 0C Model Setup 'CLOCK_50'
Slack : -6.669
TNS   : -99.988

Type  : Slow 1100mV 0C Model Setup 'inst3|clockgen_inst|altera_pll_i|general[2].gpll~PLL_OUTPUT_COUNTER|divclk'
Slack : -6.200
TNS   : -92.090

Type  : Slow 1100mV 0C Model Setup 'inst3|clockgen_inst|altera_pll_i|general[3].gpll~PLL_OUTPUT_COUNTER|divclk'
Slack : -3.239
TNS   : -73.164

Type  : Slow 1100mV 0C Model Setup 'altera_reserved_tck'
Slack : 22.552
TNS   : 0.000

Type  : Slow 1100mV 0C Model Setup 'inst3|clockgen_inst|altera_pll_i|general[1].gpll~PLL_OUTPUT_COUNTER|divclk'
Slack : 26.590
TNS   : 0.000

Type  : Slow 1100mV 0C Model Hold 'inst3|clockgen_inst|altera_pll_i|general[0].gpll~PLL_OUTPUT_COUNTER|divclk'
Slack : -0.333
TNS   : -10.569

Type  : Slow 1100mV 0C Model Hold 'inst3|clockgen_inst|altera_pll_i|general[2].gpll~PLL_OUTPUT_COUNTER|divclk'
Slack : 0.039
TNS   : 0.000

Type  : Slow 1100mV 0C Model Hold 'inst3|clockgen_inst|altera_pll_i|general[3].gpll~PLL_OUTPUT_COUNTER|divclk'
Slack : 0.174
TNS   : 0.000

Type  : Slow 1100mV 0C Model Hold 'CLOCK_50'
Slack : 0.261
TNS   : 0.000

Type  : Slow 1100mV 0C Model Hold 'inst3|clockgen_inst|altera_pll_i|general[1].gpll~PLL_OUTPUT_COUNTER|divclk'
Slack : 0.383
TNS   : 0.000

Type  : Slow 1100mV 0C Model Hold 'altera_reserved_tck'
Slack : 0.512
TNS   : 0.000

Type  : Slow 1100mV 0C Model Hold 'clk_vga'
Slack : 7.521
TNS   : 0.000

Type  : Slow 1100mV 0C Model Hold 'clk_dram'
Slack : 8.605
TNS   : 0.000

Type  : Slow 1100mV 0C Model Recovery 'inst3|clockgen_inst|altera_pll_i|general[0].gpll~PLL_OUTPUT_COUNTER|divclk'
Slack : 0.715
TNS   : 0.000

Type  : Slow 1100mV 0C Model Recovery 'altera_reserved_tck'
Slack : 59.536
TNS   : 0.000

Type  : Slow 1100mV 0C Model Removal 'inst3|clockgen_inst|altera_pll_i|general[0].gpll~PLL_OUTPUT_COUNTER|divclk'
Slack : 0.458
TNS   : 0.000

Type  : Slow 1100mV 0C Model Removal 'altera_reserved_tck'
Slack : 0.599
TNS   : 0.000

Type  : Slow 1100mV 0C Model Minimum Pulse Width 'inst3|clockgen_inst|altera_pll_i|general[0].gpll~FRACTIONAL_PLL|vcoph[0]'
Slack : -0.001
TNS   : -0.004

Type  : Slow 1100mV 0C Model Minimum Pulse Width 'inst3|clockgen_inst|altera_pll_i|general[2].gpll~PLL_OUTPUT_COUNTER|divclk'
Slack : 3.093
TNS   : 0.000

Type  : Slow 1100mV 0C Model Minimum Pulse Width 'inst3|clockgen_inst|altera_pll_i|general[3].gpll~PLL_OUTPUT_COUNTER|divclk'
Slack : 3.536
TNS   : 0.000

Type  : Slow 1100mV 0C Model Minimum Pulse Width 'CLOCK_50'
Slack : 8.268
TNS   : 0.000

Type  : Slow 1100mV 0C Model Minimum Pulse Width 'inst3|clockgen_inst|altera_pll_i|general[0].gpll~PLL_OUTPUT_COUNTER|divclk'
Slack : 8.484
TNS   : 0.000

Type  : Slow 1100mV 0C Model Minimum Pulse Width 'inst3|clockgen_inst|altera_pll_i|general[1].gpll~PLL_OUTPUT_COUNTER|divclk'
Slack : 14.585
TNS   : 0.000

Type  : Slow 1100mV 0C Model Minimum Pulse Width 'altera_reserved_tck'
Slack : 29.244
TNS   : 0.000

Type  : Fast 1100mV 85C Model Setup 'clk_dram'
Slack : -11.157
TNS   : -311.767

Type  : Fast 1100mV 85C Model Setup 'clk_vga'
Slack : -8.342
TNS   : -199.350

Type  : Fast 1100mV 85C Model Setup 'inst3|clockgen_inst|altera_pll_i|general[0].gpll~PLL_OUTPUT_COUNTER|divclk'
Slack : -6.636
TNS   : -1496.980

Type  : Fast 1100mV 85C Model Setup 'inst3|clockgen_inst|altera_pll_i|general[2].gpll~PLL_OUTPUT_COUNTER|divclk'
Slack : -5.732
TNS   : -85.494

Type  : Fast 1100mV 85C Model Setup 'CLOCK_50'
Slack : -2.679
TNS   : -40.177

Type  : Fast 1100mV 85C Model Setup 'inst3|clockgen_inst|altera_pll_i|general[3].gpll~PLL_OUTPUT_COUNTER|divclk'
Slack : 0.868
TNS   : 0.000

Type  : Fast 1100mV 85C Model Setup 'altera_reserved_tck'
Slack : 24.127
TNS   : 0.000

Type  : Fast 1100mV 85C Model Setup 'inst3|clockgen_inst|altera_pll_i|general[1].gpll~PLL_OUTPUT_COUNTER|divclk'
Slack : 28.969
TNS   : 0.000

Type  : Fast 1100mV 85C Model Hold 'inst3|clockgen_inst|altera_pll_i|general[0].gpll~PLL_OUTPUT_COUNTER|divclk'
Slack : -0.129
TNS   : -4.038

Type  : Fast 1100mV 85C Model Hold 'CLOCK_50'
Slack : 0.117
TNS   : 0.000

Type  : Fast 1100mV 85C Model Hold 'inst3|clockgen_inst|altera_pll_i|general[3].gpll~PLL_OUTPUT_COUNTER|divclk'
Slack : 0.118
TNS   : 0.000

Type  : Fast 1100mV 85C Model Hold 'inst3|clockgen_inst|altera_pll_i|general[2].gpll~PLL_OUTPUT_COUNTER|divclk'
Slack : 0.166
TNS   : 0.000

Type  : Fast 1100mV 85C Model Hold 'altera_reserved_tck'
Slack : 0.278
TNS   : 0.000

Type  : Fast 1100mV 85C Model Hold 'inst3|clockgen_inst|altera_pll_i|general[1].gpll~PLL_OUTPUT_COUNTER|divclk'
Slack : 0.384
TNS   : 0.000

Type  : Fast 1100mV 85C Model Hold 'clk_vga'
Slack : 4.492
TNS   : 0.000

Type  : Fast 1100mV 85C Model Hold 'clk_dram'
Slack : 4.883
TNS   : 0.000

Type  : Fast 1100mV 85C Model Recovery 'inst3|clockgen_inst|altera_pll_i|general[0].gpll~PLL_OUTPUT_COUNTER|divclk'
Slack : 1.865
TNS   : 0.000

Type  : Fast 1100mV 85C Model Recovery 'altera_reserved_tck'
Slack : 60.381
TNS   : 0.000

Type  : Fast 1100mV 85C Model Removal 'altera_reserved_tck'
Slack : 0.325
TNS   : 0.000

Type  : Fast 1100mV 85C Model Removal 'inst3|clockgen_inst|altera_pll_i|general[0].gpll~PLL_OUTPUT_COUNTER|divclk'
Slack : 0.476
TNS   : 0.000

Type  : Fast 1100mV 85C Model Minimum Pulse Width 'inst3|clockgen_inst|altera_pll_i|general[0].gpll~FRACTIONAL_PLL|vcoph[0]'
Slack : 0.265
TNS   : 0.000

Type  : Fast 1100mV 85C Model Minimum Pulse Width 'inst3|clockgen_inst|altera_pll_i|general[2].gpll~PLL_OUTPUT_COUNTER|divclk'
Slack : 3.766
TNS   : 0.000

Type  : Fast 1100mV 85C Model Minimum Pulse Width 'inst3|clockgen_inst|altera_pll_i|general[3].gpll~PLL_OUTPUT_COUNTER|divclk'
Slack : 4.442
TNS   : 0.000

Type  : Fast 1100mV 85C Model Minimum Pulse Width 'CLOCK_50'
Slack : 8.128
TNS   : 0.000

Type  : Fast 1100mV 85C Model Minimum Pulse Width 'inst3|clockgen_inst|altera_pll_i|general[0].gpll~PLL_OUTPUT_COUNTER|divclk'
Slack : 9.283
TNS   : 0.000

Type  : Fast 1100mV 85C Model Minimum Pulse Width 'inst3|clockgen_inst|altera_pll_i|general[1].gpll~PLL_OUTPUT_COUNTER|divclk'
Slack : 15.562
TNS   : 0.000

Type  : Fast 1100mV 85C Model Minimum Pulse Width 'altera_reserved_tck'
Slack : 29.114
TNS   : 0.000

Type  : Fast 1100mV 0C Model Setup 'clk_dram'
Slack : -10.580
TNS   : -298.157

Type  : Fast 1100mV 0C Model Setup 'clk_vga'
Slack : -7.844
TNS   : -187.509

Type  : Fast 1100mV 0C Model Setup 'inst3|clockgen_inst|altera_pll_i|general[0].gpll~PLL_OUTPUT_COUNTER|divclk'
Slack : -6.090
TNS   : -1373.090

Type  : Fast 1100mV 0C Model Setup 'inst3|clockgen_inst|altera_pll_i|general[2].gpll~PLL_OUTPUT_COUNTER|divclk'
Slack : -4.874
TNS   : -72.892

Type  : Fast 1100mV 0C Model Setup 'CLOCK_50'
Slack : -2.467
TNS   : -36.980

Type  : Fast 1100mV 0C Model Setup 'inst3|clockgen_inst|altera_pll_i|general[3].gpll~PLL_OUTPUT_COUNTER|divclk'
Slack : 1.284
TNS   : 0.000

Type  : Fast 1100mV 0C Model Setup 'altera_reserved_tck'
Slack : 24.408
TNS   : 0.000

Type  : Fast 1100mV 0C Model Setup 'inst3|clockgen_inst|altera_pll_i|general[1].gpll~PLL_OUTPUT_COUNTER|divclk'
Slack : 29.396
TNS   : 0.000

Type  : Fast 1100mV 0C Model Hold 'inst3|clockgen_inst|altera_pll_i|general[0].gpll~PLL_OUTPUT_COUNTER|divclk'
Slack : -0.109
TNS   : -3.413

Type  : Fast 1100mV 0C Model Hold 'CLOCK_50'
Slack : 0.101
TNS   : 0.000

Type  : Fast 1100mV 0C Model Hold 'inst3|clockgen_inst|altera_pll_i|general[3].gpll~PLL_OUTPUT_COUNTER|divclk'
Slack : 0.110
TNS   : 0.000

Type  : Fast 1100mV 0C Model Hold 'inst3|clockgen_inst|altera_pll_i|general[2].gpll~PLL_OUTPUT_COUNTER|divclk'
Slack : 0.150
TNS   : 0.000

Type  : Fast 1100mV 0C Model Hold 'altera_reserved_tck'
Slack : 0.236
TNS   : 0.000

Type  : Fast 1100mV 0C Model Hold 'inst3|clockgen_inst|altera_pll_i|general[1].gpll~PLL_OUTPUT_COUNTER|divclk'
Slack : 0.267
TNS   : 0.000

Type  : Fast 1100mV 0C Model Hold 'clk_vga'
Slack : 4.172
TNS   : 0.000

Type  : Fast 1100mV 0C Model Hold 'clk_dram'
Slack : 4.570
TNS   : 0.000

Type  : Fast 1100mV 0C Model Recovery 'inst3|clockgen_inst|altera_pll_i|general[0].gpll~PLL_OUTPUT_COUNTER|divclk'
Slack : 2.080
TNS   : 0.000

Type  : Fast 1100mV 0C Model Recovery 'altera_reserved_tck'
Slack : 60.588
TNS   : 0.000

Type  : Fast 1100mV 0C Model Removal 'altera_reserved_tck'
Slack : 0.275
TNS   : 0.000

Type  : Fast 1100mV 0C Model Removal 'inst3|clockgen_inst|altera_pll_i|general[0].gpll~PLL_OUTPUT_COUNTER|divclk'
Slack : 0.408
TNS   : 0.000

Type  : Fast 1100mV 0C Model Minimum Pulse Width 'inst3|clockgen_inst|altera_pll_i|general[0].gpll~FRACTIONAL_PLL|vcoph[0]'
Slack : 0.292
TNS   : 0.000

Type  : Fast 1100mV 0C Model Minimum Pulse Width 'inst3|clockgen_inst|altera_pll_i|general[2].gpll~PLL_OUTPUT_COUNTER|divclk'
Slack : 3.794
TNS   : 0.000

Type  : Fast 1100mV 0C Model Minimum Pulse Width 'inst3|clockgen_inst|altera_pll_i|general[3].gpll~PLL_OUTPUT_COUNTER|divclk'
Slack : 4.460
TNS   : 0.000

Type  : Fast 1100mV 0C Model Minimum Pulse Width 'CLOCK_50'
Slack : 8.084
TNS   : 0.000

Type  : Fast 1100mV 0C Model Minimum Pulse Width 'inst3|clockgen_inst|altera_pll_i|general[0].gpll~PLL_OUTPUT_COUNTER|divclk'
Slack : 9.313
TNS   : 0.000

Type  : Fast 1100mV 0C Model Minimum Pulse Width 'inst3|clockgen_inst|altera_pll_i|general[1].gpll~PLL_OUTPUT_COUNTER|divclk'
Slack : 15.585
TNS   : 0.000

Type  : Fast 1100mV 0C Model Minimum Pulse Width 'altera_reserved_tck'
Slack : 29.113
TNS   : 0.000

------------------------------------------------------------
